Traceback (most recent call last):
  File "/Users/honghui/anaconda/anaconda3/lib/python3.12/site-packages/jupyter_cache/executors/utils.py", line 58, in single_nb_execution
    executenb(
  File "/Users/honghui/anaconda/anaconda3/lib/python3.12/site-packages/nbclient/client.py", line 1305, in execute
    return NotebookClient(nb=nb, resources=resources, km=km, **kwargs).execute()
           ^^^^^^^^^^^^^^^^^^^^^^^^^^^^^^^^^^^^^^^^^^^^^^^^^^^^^^^^^^^^^^^^^^^^^
  File "/Users/honghui/anaconda/anaconda3/lib/python3.12/site-packages/jupyter_core/utils/__init__.py", line 165, in wrapped
    return loop.run_until_complete(inner)
           ^^^^^^^^^^^^^^^^^^^^^^^^^^^^^^
  File "/Users/honghui/anaconda/anaconda3/lib/python3.12/asyncio/base_events.py", line 685, in run_until_complete
    return future.result()
           ^^^^^^^^^^^^^^^
  File "/Users/honghui/anaconda/anaconda3/lib/python3.12/site-packages/nbclient/client.py", line 705, in async_execute
    await self.async_execute_cell(
  File "/Users/honghui/anaconda/anaconda3/lib/python3.12/site-packages/nbclient/client.py", line 1058, in async_execute_cell
    await self._check_raise_for_error(cell, cell_index, exec_reply)
  File "/Users/honghui/anaconda/anaconda3/lib/python3.12/site-packages/nbclient/client.py", line 914, in _check_raise_for_error
    raise CellExecutionError.from_cell_and_msg(cell, exec_reply_content)
nbclient.exceptions.CellExecutionError: An error occurred while executing the following cell:
------------------
# Run error

xspec.Fit.error("2.706 2 3") # on parameter 2 and 3
------------------

----- stdout -----
Cannot do error calc: Reduced Chi^2 (= 2.16702) > maximum (2)
------------------

[0;31m---------------------------------------------------------------------------[0m
[0;31mException[0m                                 Traceback (most recent call last)
Cell [0;32mIn[14], line 3[0m
[1;32m      1[0m [38;5;66;03m# Run error[39;00m
[0;32m----> 3[0m xspec[38;5;241m.[39mFit[38;5;241m.[39merror([38;5;124m"[39m[38;5;124m2.706 2 3[39m[38;5;124m"[39m)

File [0;32m~/heasoft/heasoft-6.35.2/aarch64-apple-darwin24.6.0/lib/python/xspec/fit.py:425[0m, in [0;36mFitManager.error[0;34m(self, argString, respPar)[0m
[1;32m    423[0m     errorArgs [38;5;241m=[39m [[38;5;124m"[39m[38;5;124merror[39m[38;5;124m"[39m]
[1;32m    424[0m errorArgs [38;5;241m+[39m[38;5;241m=[39m argString[38;5;241m.[39msplit()
[0;32m--> 425[0m _pyXspec[38;5;241m.[39mdoXspecCmd(errorArgs)

[0;31mException[0m: Error executing command: error

